// Jest Snapshot v1, https://goo.gl/fbAQLP

exports[`should render Contacts correctly 1`] = `ShallowWrapper {}`;
